{"success":true}
{"rc":0,"rc_str":"OK","rc_str_hr":"Success","recordsFiltered":1,"recordsTotal":1,"rsp":{"records":[{"additional_alerts":{"descr":"TLS Certificate Self-signed <a href=\"https://www.ntop.org/guides/nDPI/flow_risks.html#risk-006\" target=\"_blank\"><i class=\"fas fa-lg fa-question-circle\"></i></a> [Score: 100] [TLS Certificate Validity: 10/10/2015 16:55:47 - 09/10/2016 16:55:47] [Main Direction: Srv <i class='fas fa-arrow-right'></i> Cli], Application on Non-Standard Port <a href=\"https://www.ntop.org/guides/nDPI/flow_risks.html#risk-005\" target=\"_blank\"><i class=\"fas fa-lg fa-question-circle\"></i></a> [Score: 100] [TLS Certificate Validity: 10/10/2015 16:55:47 - 09/10/2016 16:55:47] [Main Direction: Srv <i class='fas fa-arrow-right'></i> Cli]"},"alert_id":{"label":"<i class=\"fas fa-fw fa-exclamation\"></i> TLS Certificate Expired","value":"22"},"alert_name":"<i class=\"fas fa-fw fa-exclamation\"></i> TLS Certificate Expired","count":1,"description":{"descr":"TLS Certificate Expired <a href=\"https://www.ntop.org/guides/nDPI/flow_risks.html#risk-009\" target=\"_blank\"><i class=\"fas fa-lg fa-question-circle\"></i></a> [Score: 100] [TLS Certificate Validity: 10/10/2015 16:55:47 - 09/10/2016 16:55:47] [Main Direction: Srv <i class='fas fa-arrow-right'></i> Cli]"},"duration":54427134,"family":"flow","filter":{"bpf":"host 127.0.0.1 and host 127.0.0.1 and port 51607 and port 3001","epoch_begin":1588921646,"epoch_end":1643348781},"flow":{"active_url":"/lua/flow_details.lua?flow_key=4261499100&flow_hash_id=0","cli_ip":{"country":"","label":"localhost","label_long":"localhost","name":"localhost","reference":"<a href='/lua/host_details.lua?host=127.0.0.1' data-bs-toggle='tooltip' title=''><i class='fas fa-laptop'></i></a>","value":"127.0.0.1"},"cli_port":"51607","srv_ip":{"country":"","label":"localhost","label_long":"localhost","name":"localhost","reference":"<a href='/lua/host_details.lua?host=127.0.0.1' data-bs-toggle='tooltip' title=''><i class='fas fa-laptop'></i></a>","value":"127.0.0.1"},"srv_port":"3001"},"l7_proto":{"l4_label":"TCP","l7_label":"TLS.ntop","label":"TCP:TLS.ntop","value":"26"},"msg":{"configset_ref":" <a href=\"/lua/admin/edit_configset.lua?subdir=flow&check=tls_certificate_expired#all\"><i class=\"fas fa-cog\" title=\"Edit Configuration\"></i></a>","description":"TLS Certificate Expired <a href=\"https://www.ntop.org/guides/nDPI/flow_risks.html#risk-009\" target=\"_blank\"><i class=\"fas fa-lg fa-question-circle\"></i></a> [Score: 100] [TLS Certificate Validity: 10/10/2015 16:55:47 - 09/10/2016 16:55:47] [Main Direction: Srv <i class='fas fa-arrow-right'></i> Cli]","fullname":"TLS Certificate Expired","name":"TLS Certificate Expired","value":22},"proto":{"label":"TCP","value":"6"},"row_id":"1","score":{"color":"#ff3231","label":"250","value":250},"script_key":"tls_certificate_expired","severity":{"color":"#ff3231","label":"<i class='fas fa-fw fa-exclamation-triangle text-danger' style='color: #ff3231!important' title='Error'></i> ","value":5},"tstamp":{"highlight":"#ff3231","label":"08/05/2020 08:07:26","value":1588921646},"vlan_id":"0"}]}}
