{"success":true}
{"rc":0,"rc_str":"OK","rc_str_hr":"Success","recordsFiltered":1,"recordsTotal":1,"rsp":{"records":[{"additional_alerts":{"descr":"Remote to Remote [Score: 100] [TLS Certificate Validity: 07/03/2019 01:00:00 - 05/05/2020 13:00:00] [Main Direction: Cli <i class='fas fa-arrow-right'></i> Srv]"},"alert_id":{"label":"<i class=\"fas fa-fw fa-exclamation\"></i> TLS Certificate Expired","value":"22"},"alert_name":"<i class=\"fas fa-fw fa-exclamation\"></i> TLS Certificate Expired","count":1,"description":{"descr":"TLS Certificate Expired <a href=\"https://www.ntop.org/guides/nDPI/flow_risks.html#risk-009\" target=\"_blank\"><i class=\"fas fa-lg fa-question-circle\"></i></a> [Score: 100] [TLS Certificate Validity: 07/03/2019 01:00:00 - 05/05/2020 13:00:00] [Main Direction: Cli <i class='fas fa-arrow-right'></i> Srv]"},"duration":20788879,"family":"flow","filter":{"bpf":"host 192.168.2.126 and host 104.111.215.93 and port 60174 and port 443","epoch_begin":1622559830,"epoch_end":1643348710},"flow":{"active_url":"/lua/flow_details.lua?flow_key=689480653&flow_hash_id=0","cli_ip":{"country":"","label":"192.168.2.126","label_long":"192.168.2.126","reference":"<a href='/lua/host_details.lua?host=192.168.2.126' data-bs-toggle='tooltip' title=''><i class='fas fa-laptop'></i></a>","value":"192.168.2.126"},"cli_port":"60174","srv_ip":{"country":"DE","label":"www.repubblica.it","label_long":"www.repubblica.it","name":"www.repubblica.it","reference":"<a href='/lua/host_details.lua?host=104.111.215.93' data-bs-toggle='tooltip' title=''><i class='fas fa-laptop'></i></a>","value":"104.111.215.93"},"srv_port":"443"},"l7_proto":{"l4_label":"TCP","l7_label":"TLS","label":"TCP:TLS","value":"91"},"msg":{"configset_ref":" <a href=\"/lua/admin/edit_configset.lua?subdir=flow&check=tls_certificate_expired#all\"><i class=\"fas fa-cog\" title=\"Edit Configuration\"></i></a>","description":"TLS Certificate Expired <a href=\"https://www.ntop.org/guides/nDPI/flow_risks.html#risk-009\" target=\"_blank\"><i class=\"fas fa-lg fa-question-circle\"></i></a> [Score: 100] [TLS Certificate Validity: 07/03/2019 01:00:00 - 05/05/2020 13:00:00] [Main Direction: Cli <i class='fas fa-arrow-right'></i> Srv]","fullname":"TLS Certificate Expired","name":"TLS Certificate Expired","value":22},"proto":{"label":"TCP","value":"6"},"row_id":"1","score":{"color":"#ff3231","label":"110","value":110},"script_key":"tls_certificate_expired","severity":{"color":"#ff3231","label":"<i class='fas fa-fw fa-exclamation-triangle text-danger' style='color: #ff3231!important' title='Error'></i> ","value":5},"tstamp":{"highlight":"#ff3231","label":"01/06/2021 16:03:50","value":1622559830},"vlan_id":"0"}]}}
