{"rc":0,"rc_str":"OK","rc_str_hr":"Success","rsp":{"alerted_flows":45,"bytes":3744757,"bytes_download":3744757,"bytes_upload":0,"dropped_alerts":0,"drops":0,"engaged_alerts":0,"epoch":1643350270,"flows_pctg":1,"hosts_pctg":1,"ifid":"0","ifname":"test_01.pcap","is_view":false,"local2remote":185214,"localtime":"07:11:10 +0100","macs_pctg":1,"num_devices":4,"num_flows":179,"num_hosts":42,"num_live_captures":0,"num_local_hosts":4,"packets":5000,"packets_download":5000,"packets_upload":0,"periodic_stats_update_frequency_secs":5,"profiles":[],"remote2local":3332878,"remote_bps":0,"remote_pps":0,"speed":1000,"system_host_stats":{"alerts_queries":51,"alerts_stats":{"alert_queues":{"internal_alerts_queue":{"pct_not_enqueued":0}}},"cpu_load":0.31999999284744,"cpu_states":{"guest":0,"guest_nice":0,"idle":98.294783049131,"iowait":0,"irq":0,"nice":0,"softirq":0.151950025325,"steal":0,"system":0.25325004220834,"user":1.3000168833361},"dropped_alerts":0,"mem_buffers":791016,"mem_cached":11637380,"mem_free":277648,"mem_ntopng_resident":532856,"mem_ntopng_virtual":21475351708,"mem_shmem":0,"mem_sreclaimable":688812,"mem_total":32727900,"mem_used":19333044,"written_alerts":0},"tcpPacketStats":{"lost":0,"out_of_order":0,"retransmissions":10},"throughput":{"download":{"bps":0,"pps":0},"upload":{"bps":0,"pps":0}},"throughput_bps":0,"throughput_pps":0,"ts_alerts":[],"uptime":"00:19 sec"}}
