{"success":true}
{"rc":0,"rc_str":"OK","rc_str_hr":"Success","recordsFiltered":1,"recordsTotal":1,"rsp":{"records":[{"additional_alerts":{"descr":"Remote to Remote [Score: 50] [TLS Certificate Validity: 29/11/2018 19:57:22 - 29/11/2023 19:57:22] [Main Direction: Srv <i class='fas fa-arrow-right'></i> Cli], TLS not carrying HTTPS <a href=\"https://www.ntop.org/guides/nDPI/flow_risks.html#risk-015\" target=\"_blank\"><i class=\"fas fa-lg fa-question-circle\"></i></a> [Score: 50] [TLS Certificate Validity: 29/11/2018 19:57:22 - 29/11/2023 19:57:22] [Main Direction: Srv <i class='fas fa-arrow-right'></i> Cli]"},"alert_id":{"label":"<i class=\"fas fa-fw fa-exclamation\"></i> Missing TLS SNI","value":"54"},"alert_name":"<i class=\"fas fa-fw fa-exclamation\"></i> Missing TLS SNI","count":1,"description":{"descr":"Missing TLS SNI <a href=\"https://www.ntop.org/guides/nDPI/flow_risks.html#risk-024\" target=\"_blank\"><i class=\"fas fa-lg fa-question-circle\"></i></a> [Score: 50] [TLS Certificate Validity: 29/11/2018 19:57:22 - 29/11/2023 19:57:22] [Main Direction: Srv <i class='fas fa-arrow-right'></i> Cli]"},"duration":88213547,"family":"flow","filter":{"bpf":"host 10.206.131.18 and host 10.206.65.249 and port 58657 and port 443","epoch_begin":1557818846,"epoch_end":1646032394},"flow":{"active_url":"/lua/flow_details.lua?flow_key=362652409&flow_hash_id=0","cli_ip":{"country":"","label":"10.206.131.18@258","label_long":"10.206.131.18@258","reference":"<a href='/lua/host_details.lua?host=10.206.131.18@258' data-bs-toggle='tooltip' title=''><i class='fas fa-laptop'></i></a>","value":"10.206.131.18@258"},"cli_port":"58657","srv_ip":{"country":"","label":"10.206.65.249@258","label_long":"10.206.65.249@258","reference":"<a href='/lua/host_details.lua?host=10.206.65.249@258' data-bs-toggle='tooltip' title=''><i class='fas fa-laptop'></i></a>","value":"10.206.65.249@258"},"srv_port":"443"},"l7_proto":{"l4_label":"TCP","l7_label":"TLS","label":"TCP:TLS","value":"91"},"msg":{"configset_ref":" <a href=\"/lua/admin/edit_configset.lua?subdir=flow&check=ndpi_tls_missing_sni#all\"><i class=\"fas fa-cog\" title=\"Edit Configuration\"></i></a>","description":"Missing TLS SNI <a href=\"https://www.ntop.org/guides/nDPI/flow_risks.html#risk-024\" target=\"_blank\"><i class=\"fas fa-lg fa-question-circle\"></i></a> [Score: 50] [TLS Certificate Validity: 29/11/2018 19:57:22 - 29/11/2023 19:57:22] [Main Direction: Srv <i class='fas fa-arrow-right'></i> Cli]","fullname":"Missing TLS SNI","name":"Missing TLS SNI","value":54},"proto":{"label":"TCP","value":"6"},"row_id":"1","score":{"color":"#ffc007","label":"70","value":70},"script_key":"ndpi_tls_missing_sni","severity":{"color":"#ffc007","label":"<i class='fas fa-fw fa-exclamation-triangle text-warning' style='color: #ffc007!important' title='Warning'></i> ","value":4},"tstamp":{"highlight":"#ffc007","label":"14/05/2019 08:27:26","value":1557818846},"vlan_id":"258"}],"stats":{"num_records_processed":"Processed 1 records [5,236 records/sec]","query":" SELECT 4 entity_id, (tstamp_end - tstamp) duration, *, hex(alerts_map) alerts_map FROM `flow_alerts` WHERE 1 = 1    ","query_duration_msec":0.19097328186035}}}
