{"success":true}
{"rc":0,"rc_str":"OK","rc_str_hr":"Success","rsp":[]}
{"rc":0,"rc_str":"OK","rc_str_hr":"Success","recordsFiltered":3,"recordsTotal":3,"rsp":{"records":[{"additional_alerts":{"descr":"Unexpected DNS server found [Score: 100] [Query Type: 15] [Return Code: 0] [URL: <button id='copyHttpUrl' class='btn btn-light btn-sm border ms-1' style='cursor: pointer;'><i class='fas fa-copy'></i></button>  <a class='ntopng-external-link' href='https://958700a621c3620001636f6e736f6c65202873697276696d65732900.skullseclabs.org' target='_blank'><i class='fas fa-external-link-alt'></i> 958700a621c3620001636f6e736f6c65202873697276696d65732900.skullseclabs.org</a>] [Main Direction: Cli <i class='fas fa-arrow-right'></i> Srv], Remote to Remote [Score: 100] [Query Type: 15] [Return Code: 0] [URL: <button id='copyHttpUrl' class='btn btn-light btn-sm border ms-1' style='cursor: pointer;'><i class='fas fa-copy'></i></button>  <a class='ntopng-external-link' href='https://958700a621c3620001636f6e736f6c65202873697276696d65732900.skullseclabs.org' target='_blank'><i class='fas fa-external-link-alt'></i> 958700a621c3620001636f6e736f6c65202873697276696d65732900.skullseclabs.org</a>] [Main Direction: Cli <i class='fas fa-arrow-right'></i> Srv]"},"alert_id":{"label":"<i class=\"fas fa-fw fa-exclamation\"></i> Suspicious DGA Domain","value":"47"},"alert_name":"<i class=\"fas fa-fw fa-exclamation\"></i> Suspicious DGA Domain","cli_role":{"label":"Is Attacker","tag_label":"Is Attacker","value":"attacker"},"count":1,"description":{"descr":"Suspicious DGA Domain <a class=\"ntopng-external-link fa-sm\" href= http://958700a621c3620001636f6e736f6c65202873697276696d65732900.skullseclabs.org ><i  class=\"fas fa-external-link-alt fa-lg\"></i></a> [ 958700a621c3620001636f6e736f6c65202873697276696d65732900.skullse… <i class=\"fas fa-question-circle\" data-bs-toggle=\"tooltip\" data-bs-placement=\"bottom\" title=\"958700a621c3620001636f6e736f6c65202873697276696d65732900.skullseclabs.org\"></i>] <a href=\"https://www.ntop.org/guides/nDPI/flow_risks.html#risk-016\" target=\"_blank\"><i class=\"fas fa-lg fa-question-circle\"></i></a> [Score: 100] [Query Type: 15] [Return Code: 0] [URL: <button id='copyHttpUrl' class='btn btn-light btn-sm border ms-1' style='cursor: pointer;'><i class='fas fa-copy'></i></button>  <a class='ntopng-external-link' href='https://958700a621c3620001636f6e736f6c65202873697276696d65732900.skullseclabs.org' target='_blank'><i class='fas fa-external-link-alt'></i> 958700a621c3620001636f6e736f6c65202873697276696d65732900.skullseclabs.org</a>] [Main Direction: Cli <i class='fas fa-arrow-right'></i> Srv]"},"duration":157338771,"family":"flow","filter":{"bpf":"host 192.168.43.91 and host 4.2.2.4 and port 35966 and port 53","epoch_begin":1486012623,"epoch_end":1643351395},"flow":{"active_url":"/lua/flow_details.lua?flow_key=3299533052&flow_hash_id=0","cli_ip":{"country":"","label":"192.168.43.91","label_long":"192.168.43.91","reference":"<a href='/lua/host_details.lua?host=192.168.43.91' data-bs-toggle='tooltip' title=''><i class='fas fa-laptop'></i></a>","value":"192.168.43.91"},"cli_port":"35966","srv_ip":{"country":"US","label":"4.2.2.4","label_long":"4.2.2.4","reference":"<a href='/lua/host_details.lua?host=4.2.2.4' data-bs-toggle='tooltip' title=''><i class='fas fa-laptop'></i></a>","value":"4.2.2.4"},"srv_port":"53"},"l7_proto":{"l4_label":"UDP","l7_label":"DNS","label":"UDP:DNS","value":"5"},"msg":{"configset_ref":" <a href=\"/lua/admin/edit_configset.lua?subdir=flow&check=ndpi_suspicious_dga_domain#all\"><i class=\"fas fa-cog\" title=\"Edit Configuration\"></i></a>","description":"Suspicious DGA Domain <a class=\"ntopng-external-link fa-sm\" href= http://958700a621c3620001636f6e736f6c65202873697276696d65732900.skullseclabs.org ><i  class=\"fas fa-external-link-alt fa-lg\"></i></a> [ 958700a621c3620001636f6e736f6c65202873697276696d65732900.skullse… <i class=\"fas fa-question-circle\" data-bs-toggle=\"tooltip\" data-bs-placement=\"bottom\" title=\"958700a621c3620001636f6e736f6c65202873697276696d65732900.skullseclabs.org\"></i>] <a href=\"https://www.ntop.org/guides/nDPI/flow_risks.html#risk-016\" target=\"_blank\"><i class=\"fas fa-lg fa-question-circle\"></i></a> [Score: 100] [Query Type: 15] [Return Code: 0] [URL: <button id='copyHttpUrl' class='btn btn-light btn-sm border ms-1' style='cursor: pointer;'><i class='fas fa-copy'></i></button>  <a class='ntopng-external-link' href='https://958700a621c3620001636f6e736f6c65202873697276696d65732900.skullseclabs.org' target='_blank'><i class='fas fa-external-link-alt'></i> 958700a621c3620001636f6e736f6c65202873697276696d65732900.skullseclabs.org</a>] [Main Direction: Cli <i class='fas fa-arrow-right'></i> Srv]","fullname":"Suspicious DGA Domain","name":"Suspicious DGA Domain","value":47},"proto":{"label":"UDP","value":"17"},"row_id":"1","score":{"color":"#ff3231","label":"210","value":210},"script_key":"ndpi_suspicious_dga_domain","severity":{"color":"#ff3231","label":"<i class='fas fa-fw fa-exclamation-triangle text-danger' style='color: #ff3231!important' title='Error'></i> ","value":5},"tstamp":{"highlight":"#ff3231","label":"02/02/2017 06:17:03","value":1486012623},"vlan_id":"0"},{"additional_alerts":{"descr":"Unexpected DNS server found [Score: 100] [Query Type: 15] [Return Code: 0] [URL: <button id='copyHttpUrl' class='btn btn-light btn-sm border ms-1' style='cursor: pointer;'><i class='fas fa-copy'></i></button>  <a class='ntopng-external-link' href='https://a05700e6da83510001636f6e736f6c65202873697276696d65732900.skullseclabs.org' target='_blank'><i class='fas fa-external-link-alt'></i> a05700e6da83510001636f6e736f6c65202873697276696d65732900.skullseclabs.org</a>] [Main Direction: Srv <i class='fas fa-arrow-right'></i> Cli], Remote to Remote [Score: 100] [Query Type: 15] [Return Code: 0] [URL: <button id='copyHttpUrl' class='btn btn-light btn-sm border ms-1' style='cursor: pointer;'><i class='fas fa-copy'></i></button>  <a class='ntopng-external-link' href='https://a05700e6da83510001636f6e736f6c65202873697276696d65732900.skullseclabs.org' target='_blank'><i class='fas fa-external-link-alt'></i> a05700e6da83510001636f6e736f6c65202873697276696d65732900.skullseclabs.org</a>] [Main Direction: Srv <i class='fas fa-arrow-right'></i> Cli]"},"alert_id":{"label":"<i class=\"fas fa-fw fa-exclamation\"></i> Suspicious DGA Domain","value":"47"},"alert_name":"<i class=\"fas fa-fw fa-exclamation\"></i> Suspicious DGA Domain","cli_role":{"label":"Is Attacker","tag_label":"Is Attacker","value":"attacker"},"count":1,"description":{"descr":"Suspicious DGA Domain <a class=\"ntopng-external-link fa-sm\" href= http://a05700e6da83510001636f6e736f6c65202873697276696d65732900.skullseclabs.org ><i  class=\"fas fa-external-link-alt fa-lg\"></i></a> [ a05700e6da83510001636f6e736f6c65202873697276696d65732900.skullse… <i class=\"fas fa-question-circle\" data-bs-toggle=\"tooltip\" data-bs-placement=\"bottom\" title=\"a05700e6da83510001636f6e736f6c65202873697276696d65732900.skullseclabs.org\"></i>] <a href=\"https://www.ntop.org/guides/nDPI/flow_risks.html#risk-016\" target=\"_blank\"><i class=\"fas fa-lg fa-question-circle\"></i></a> [Score: 100] [Query Type: 15] [Return Code: 0] [URL: <button id='copyHttpUrl' class='btn btn-light btn-sm border ms-1' style='cursor: pointer;'><i class='fas fa-copy'></i></button>  <a class='ntopng-external-link' href='https://a05700e6da83510001636f6e736f6c65202873697276696d65732900.skullseclabs.org' target='_blank'><i class='fas fa-external-link-alt'></i> a05700e6da83510001636f6e736f6c65202873697276696d65732900.skullseclabs.org</a>] [Main Direction: Srv <i class='fas fa-arrow-right'></i> Cli]"},"duration":157338664,"family":"flow","filter":{"bpf":"host 192.168.43.91 and host 4.2.2.4 and port 46961 and port 53","epoch_begin":1486012730,"epoch_end":1643351395},"flow":{"active_url":"/lua/flow_details.lua?flow_key=3299529767&flow_hash_id=2","cli_ip":{"country":"","label":"192.168.43.91","label_long":"192.168.43.91","reference":"<a href='/lua/host_details.lua?host=192.168.43.91' data-bs-toggle='tooltip' title=''><i class='fas fa-laptop'></i></a>","value":"192.168.43.91"},"cli_port":"46961","srv_ip":{"country":"US","label":"4.2.2.4","label_long":"4.2.2.4","reference":"<a href='/lua/host_details.lua?host=4.2.2.4' data-bs-toggle='tooltip' title=''><i class='fas fa-laptop'></i></a>","value":"4.2.2.4"},"srv_port":"53"},"l7_proto":{"l4_label":"UDP","l7_label":"DNS","label":"UDP:DNS","value":"5"},"msg":{"configset_ref":" <a href=\"/lua/admin/edit_configset.lua?subdir=flow&check=ndpi_suspicious_dga_domain#all\"><i class=\"fas fa-cog\" title=\"Edit Configuration\"></i></a>","description":"Suspicious DGA Domain <a class=\"ntopng-external-link fa-sm\" href= http://a05700e6da83510001636f6e736f6c65202873697276696d65732900.skullseclabs.org ><i  class=\"fas fa-external-link-alt fa-lg\"></i></a> [ a05700e6da83510001636f6e736f6c65202873697276696d65732900.skullse… <i class=\"fas fa-question-circle\" data-bs-toggle=\"tooltip\" data-bs-placement=\"bottom\" title=\"a05700e6da83510001636f6e736f6c65202873697276696d65732900.skullseclabs.org\"></i>] <a href=\"https://www.ntop.org/guides/nDPI/flow_risks.html#risk-016\" target=\"_blank\"><i class=\"fas fa-lg fa-question-circle\"></i></a> [Score: 100] [Query Type: 15] [Return Code: 0] [URL: <button id='copyHttpUrl' class='btn btn-light btn-sm border ms-1' style='cursor: pointer;'><i class='fas fa-copy'></i></button>  <a class='ntopng-external-link' href='https://a05700e6da83510001636f6e736f6c65202873697276696d65732900.skullseclabs.org' target='_blank'><i class='fas fa-external-link-alt'></i> a05700e6da83510001636f6e736f6c65202873697276696d65732900.skullseclabs.org</a>] [Main Direction: Srv <i class='fas fa-arrow-right'></i> Cli]","fullname":"Suspicious DGA Domain","name":"Suspicious DGA Domain","value":47},"proto":{"label":"UDP","value":"17"},"row_id":"2","score":{"color":"#ff3231","label":"210","value":210},"script_key":"ndpi_suspicious_dga_domain","severity":{"color":"#ff3231","label":"<i class='fas fa-fw fa-exclamation-triangle text-danger' style='color: #ff3231!important' title='Error'></i> ","value":5},"tstamp":{"highlight":"#ff3231","label":"02/02/2017 06:18:50","value":1486012730},"vlan_id":"0"},{"additional_alerts":{"descr":"Unexpected DNS server found [Score: 100] [Query Type: 5] [Return Code: 0] [URL: <button id='copyHttpUrl' class='btn btn-light btn-sm border ms-1' style='cursor: pointer;'><i class='fas fa-copy'></i></button>  <a class='ntopng-external-link' href='https://e18f00fdf525320021636f6d6d616e64202873697276696d65732900.skullseclabs.org' target='_blank'><i class='fas fa-external-link-alt'></i> e18f00fdf525320021636f6d6d616e64202873697276696d65732900.skullseclabs.org</a>] [Main Direction: Cli <i class='fas fa-arrow-right'></i> Srv], Remote to Remote [Score: 100] [Query Type: 5] [Return Code: 0] [URL: <button id='copyHttpUrl' class='btn btn-light btn-sm border ms-1' style='cursor: pointer;'><i class='fas fa-copy'></i></button>  <a class='ntopng-external-link' href='https://e18f00fdf525320021636f6d6d616e64202873697276696d65732900.skullseclabs.org' target='_blank'><i class='fas fa-external-link-alt'></i> e18f00fdf525320021636f6d6d616e64202873697276696d65732900.skullseclabs.org</a>] [Main Direction: Cli <i class='fas fa-arrow-right'></i> Srv]"},"alert_id":{"label":"<i class=\"fas fa-fw fa-exclamation\"></i> Suspicious DGA Domain","value":"47"},"alert_name":"<i class=\"fas fa-fw fa-exclamation\"></i> Suspicious DGA Domain","cli_role":{"label":"Is Attacker","tag_label":"Is Attacker","value":"attacker"},"count":1,"description":{"descr":"Suspicious DGA Domain <a class=\"ntopng-external-link fa-sm\" href= http://e18f00fdf525320021636f6d6d616e64202873697276696d65732900.skullseclabs.org ><i  class=\"fas fa-external-link-alt fa-lg\"></i></a> [ e18f00fdf525320021636f6d6d616e64202873697276696d65732900.skullse… <i class=\"fas fa-question-circle\" data-bs-toggle=\"tooltip\" data-bs-placement=\"bottom\" title=\"e18f00fdf525320021636f6d6d616e64202873697276696d65732900.skullseclabs.org\"></i>] <a href=\"https://www.ntop.org/guides/nDPI/flow_risks.html#risk-016\" target=\"_blank\"><i class=\"fas fa-lg fa-question-circle\"></i></a> [Score: 100] [Query Type: 5] [Return Code: 0] [URL: <button id='copyHttpUrl' class='btn btn-light btn-sm border ms-1' style='cursor: pointer;'><i class='fas fa-copy'></i></button>  <a class='ntopng-external-link' href='https://e18f00fdf525320021636f6d6d616e64202873697276696d65732900.skullseclabs.org' target='_blank'><i class='fas fa-external-link-alt'></i> e18f00fdf525320021636f6d6d616e64202873697276696d65732900.skullseclabs.org</a>] [Main Direction: Cli <i class='fas fa-arrow-right'></i> Srv]"},"duration":157338759,"family":"flow","filter":{"bpf":"host 192.168.43.91 and host 4.2.2.4 and port 56354 and port 53","epoch_begin":1486012635,"epoch_end":1643351395},"flow":{"active_url":"/lua/flow_details.lua?flow_key=3299509580&flow_hash_id=1","cli_ip":{"country":"","label":"192.168.43.91","label_long":"192.168.43.91","reference":"<a href='/lua/host_details.lua?host=192.168.43.91' data-bs-toggle='tooltip' title=''><i class='fas fa-laptop'></i></a>","value":"192.168.43.91"},"cli_port":"56354","srv_ip":{"country":"US","label":"4.2.2.4","label_long":"4.2.2.4","reference":"<a href='/lua/host_details.lua?host=4.2.2.4' data-bs-toggle='tooltip' title=''><i class='fas fa-laptop'></i></a>","value":"4.2.2.4"},"srv_port":"53"},"l7_proto":{"l4_label":"UDP","l7_label":"DNS","label":"UDP:DNS","value":"5"},"msg":{"configset_ref":" <a href=\"/lua/admin/edit_configset.lua?subdir=flow&check=ndpi_suspicious_dga_domain#all\"><i class=\"fas fa-cog\" title=\"Edit Configuration\"></i></a>","description":"Suspicious DGA Domain <a class=\"ntopng-external-link fa-sm\" href= http://e18f00fdf525320021636f6d6d616e64202873697276696d65732900.skullseclabs.org ><i  class=\"fas fa-external-link-alt fa-lg\"></i></a> [ e18f00fdf525320021636f6d6d616e64202873697276696d65732900.skullse… <i class=\"fas fa-question-circle\" data-bs-toggle=\"tooltip\" data-bs-placement=\"bottom\" title=\"e18f00fdf525320021636f6d6d616e64202873697276696d65732900.skullseclabs.org\"></i>] <a href=\"https://www.ntop.org/guides/nDPI/flow_risks.html#risk-016\" target=\"_blank\"><i class=\"fas fa-lg fa-question-circle\"></i></a> [Score: 100] [Query Type: 5] [Return Code: 0] [URL: <button id='copyHttpUrl' class='btn btn-light btn-sm border ms-1' style='cursor: pointer;'><i class='fas fa-copy'></i></button>  <a class='ntopng-external-link' href='https://e18f00fdf525320021636f6d6d616e64202873697276696d65732900.skullseclabs.org' target='_blank'><i class='fas fa-external-link-alt'></i> e18f00fdf525320021636f6d6d616e64202873697276696d65732900.skullseclabs.org</a>] [Main Direction: Cli <i class='fas fa-arrow-right'></i> Srv]","fullname":"Suspicious DGA Domain","name":"Suspicious DGA Domain","value":47},"proto":{"label":"UDP","value":"17"},"row_id":"3","score":{"color":"#ff3231","label":"210","value":210},"script_key":"ndpi_suspicious_dga_domain","severity":{"color":"#ff3231","label":"<i class='fas fa-fw fa-exclamation-triangle text-danger' style='color: #ff3231!important' title='Error'></i> ","value":5},"tstamp":{"highlight":"#ff3231","label":"02/02/2017 06:17:15","value":1486012635},"vlan_id":"0"}],"stats":{"num_records_processed":"Processed 3 records [11,848 records/sec]","query":" SELECT 4 entity_id, (tstamp_end - tstamp) duration, *, hex(alerts_map) alerts_map FROM `flow_alerts` WHERE 1 = 1    ","query_duration_msec":0.25320053100586}}}
