{"rc":0,"rc_str":"OK","rc_str_hr":"Success","rsp":{"active_discovery_active":false,"alerted_flows":45,"alerted_flows_error":42,"alerted_flows_notice":1,"alerted_flows_warning":2,"bytes":3744757,"bytes_download":3744757,"bytes_upload":0,"download_upload_chart":{"download":[0,0,0,0,0,0,0,0,0,0,0,0,0,0,0,0,0,0,0,0],"upload":[0,0,0,0,0,0,0,0,0,0,0,0,0,0,0,0,0,0,0,0]},"dropped_alerts":0,"drops":0,"engaged_alerts":0,"engaged_alerts_error":0,"engaged_alerts_notice":0,"engaged_alerts_warning":0,"epoch":1643802730,"flow_dropped_alerts":0,"flows_pctg":1,"host_dropped_alerts":0,"hosts_pctg":1,"ifid":"0","ifname":"test_01.pcap","is_view":false,"local2remote":185214,"localtime":"12:52:10 +0100","macs_pctg":1,"num_devices":4,"num_flows":179,"num_hosts":42,"num_live_captures":0,"num_local_hosts":4,"num_local_hosts_anomalies":0,"num_remote_hosts_anomalies":0,"other_dropped_alerts":0,"packets":5000,"packets_download":5000,"packets_upload":0,"periodic_stats_update_frequency_secs":5,"profiles":[],"remote2local":3332878,"remote_bps":0,"remote_pps":0,"speed":1000,"system_host_stats":{"alerts_queries":51,"alerts_stats":{"alert_queues":{"internal_alerts_queue":{"pct_not_enqueued":0}}},"cpu_load":0.49000000953674,"cpu_states":{"guest":0,"guest_nice":0,"idle":95.894526034713,"iowait":0.033377837116155,"irq":0,"nice":0,"softirq":0.016688918558077,"steal":0,"system":0.56742323097463,"user":3.4879839786382},"dropped_alerts":0,"mem_buffers":1710216,"mem_cached":8324844,"mem_free":1231780,"mem_ntopng_resident":528784,"mem_ntopng_virtual":21475361800,"mem_shmem":0,"mem_sreclaimable":953524,"mem_total":32724896,"mem_used":20504532,"written_alerts":0},"tcpPacketStats":{"lost":0,"out_of_order":0,"retransmissions":10},"throughput":{"download":{"bps":0,"pps":0},"upload":{"bps":0,"pps":0}},"throughput_bps":0,"throughput_pps":0,"uptime":"00:24 sec"}}
